../Core/Inc/bno055_stm32.h:20:6:bno055_assignI2C	16	static
../Core/Inc/bno055_stm32.h:24:6:bno055_delay	16	static
../Core/Inc/bno055_stm32.h:32:6:bno055_writeData	40	static
../Core/Inc/bno055_stm32.h:96:6:bno055_readData	32	static
../Core/Src/main.c:134:5:main	144	static
../Core/Src/main.c:353:6:SystemClock_Config	88	static
../Core/Src/main.c:397:13:MX_ADC1_Init	24	static
../Core/Src/main.c:446:13:MX_I2C1_Init	8	static
../Core/Src/main.c:478:13:MX_TIM1_Init	96	static
../Core/Src/main.c:549:13:MX_TIM2_Init	56	static
../Core/Src/main.c:596:13:MX_TIM10_Init	40	static
../Core/Src/main.c:639:13:MX_TIM11_Init	8	static
../Core/Src/main.c:668:13:MX_USART2_UART_Init	8	static
../Core/Src/main.c:699:13:MX_USART6_UART_Init	8	static
../Core/Src/main.c:730:13:MX_GPIO_Init	48	static
../Core/Src/main.c:768:6:HAL_TIM_PeriodElapsedCallback	16	static
../Core/Src/main.c:798:5:__io_putchar	16	static
../Core/Src/main.c:804:6:HAL_GPIO_EXTI_Callback	16	static
../Core/Src/main.c:820:6:Error_Handler	4	static,ignoring_inline_asm
