../Core/Inc/bno055_stm32.h:19:6:bno055_assignI2C	16	static
../Core/Inc/bno055_stm32.h:23:6:bno055_delay	16	static
../Core/Inc/bno055_stm32.h:31:6:bno055_writeData	40	static
../Core/Inc/bno055_stm32.h:95:6:bno055_readData	24	static
../Core/Src/main.c:226:5:main	8	static
../Core/Src/main.c:444:6:SystemClock_Config	88	static
../Core/Src/main.c:491:13:MX_ADC1_Init	24	static
../Core/Src/main.c:543:13:MX_I2C1_Init	8	static
../Core/Src/main.c:577:13:MX_TIM1_Init	96	static
../Core/Src/main.c:652:13:MX_TIM2_Init	56	static
../Core/Src/main.c:701:13:MX_TIM10_Init	40	static
../Core/Src/main.c:747:13:MX_TIM11_Init	8	static
../Core/Src/main.c:778:13:MX_USART2_UART_Init	8	static
../Core/Src/main.c:811:13:MX_USART6_UART_Init	8	static
../Core/Src/main.c:844:13:MX_GPIO_Init	48	static
../Core/Src/main.c:900:6:HAL_TIM_PeriodElapsedCallback	16	static
../Core/Src/main.c:929:6:lettura_vel_encoder	8	static
../Core/Src/main.c:942:6:get_yaw_rate	40	static
../Core/Src/main.c:949:6:get_inclination	40	static
../Core/Src/main.c:962:6:controllo_trazione	16	static
../Core/Src/main.c:979:6:lane_keeping	16	static
../Core/Src/main.c:1033:6:parcheggio	8	static
../Core/Src/main.c:1062:6:ingresso_parcheggio	24	static
../Core/Src/main.c:1086:6:uscita_parcheggio	24	static
../Core/Src/main.c:1115:6:muoviti_n_metri_dritto	24	static
../Core/Src/main.c:1129:6:sistemazione_parcheggio	32	static
../Core/Src/main.c:1162:6:cambio_corsia	40	static
../Core/Src/main.c:1187:6:cambio_velocita	32	static
../Core/Src/main.c:1226:6:procedura	4	static
../Core/Src/main.c:1239:6:next_procedura	16	static
../Core/Src/main.c:1248:6:HAL_GPIO_EXTI_Callback	16	static
../Core/Src/main.c:1279:7:valore_assoluto	16	static
../Core/Src/main.c:1294:5:__io_putchar	16	static
../Core/Src/main.c:1299:6:PrintState	4	static
../Core/Src/main.c:1369:6:HAL_UART_RxCpltCallback	24	static
../Core/Src/main.c:1395:6:ProceduraCalibrazione	8	static
../Core/Src/main.c:1436:6:Error_Handler	4	static,ignoring_inline_asm
